<html>
<body>
<pre>
<h1>µVision Build Log</h1>
<h2>Project:</h2>
G:\ARM\F4\Proj1.uvproj
Project File Date:  12/13/2014

<h2>Output:</h2>
Rebuild target 'Blinking'
assembling startup_stm32f40_41xxx.s...
compiling system_stm32f4xx.c...
compiling main.c...
USER\MPU6050.h(370): warning:  #1295-D: Deprecated declaration MPU6050_Initialize - give arg types
  void MPU6050_Initialize();
USER\MPU6050.h(371): warning:  #1295-D: Deprecated declaration MPU6050_TestConnection - give arg types
  bool MPU6050_TestConnection();
USER\MPU6050.h(374): warning:  #1295-D: Deprecated declaration MPU6050_GetFullScaleGyroRange - give arg types
  uint8_t MPU6050_GetFullScaleGyroRange();
USER\MPU6050.h(377): warning:  #1295-D: Deprecated declaration MPU6050_GetFullScaleAccelRange - give arg types
  uint8_t MPU6050_GetFullScaleAccelRange();
USER\MPU6050.h(381): warning:  #1295-D: Deprecated declaration MPU6050_GetSleepModeStatus - give arg types
  bool MPU6050_GetSleepModeStatus();
USER\MPU6050.h(385): warning:  #1295-D: Deprecated declaration MPU6050_GetDeviceID - give arg types
  uint8_t MPU6050_GetDeviceID();
USER\MPU6050.h(398): warning:  #1-D: last line of file ends without a newline
  #endif /* __MPU6050_H */
USER\main.c(35): warning:  #128-D: loop is not reachable
      while(1) {
USER\main.c(44): warning:  #111-D: statement is unreachable
      return 0;
USER\main.c: 9 warnings, 0 errors
compiling MPU6050.c...
USER\MPU6050.h(370): warning:  #1295-D: Deprecated declaration MPU6050_Initialize - give arg types
  void MPU6050_Initialize();
USER\MPU6050.h(371): warning:  #1295-D: Deprecated declaration MPU6050_TestConnection - give arg types
  bool MPU6050_TestConnection();
USER\MPU6050.h(374): warning:  #1295-D: Deprecated declaration MPU6050_GetFullScaleGyroRange - give arg types
  uint8_t MPU6050_GetFullScaleGyroRange();
USER\MPU6050.h(377): warning:  #1295-D: Deprecated declaration MPU6050_GetFullScaleAccelRange - give arg types
  uint8_t MPU6050_GetFullScaleAccelRange();
USER\MPU6050.h(381): warning:  #1295-D: Deprecated declaration MPU6050_GetSleepModeStatus - give arg types
  bool MPU6050_GetSleepModeStatus();
USER\MPU6050.h(385): warning:  #1295-D: Deprecated declaration MPU6050_GetDeviceID - give arg types
  uint8_t MPU6050_GetDeviceID();
USER\MPU6050.h(398): warning:  #1-D: last line of file ends without a newline
  #endif /* __MPU6050_H */
USER\MPU6050.c: 7 warnings, 0 errors
compiling misc.c...
compiling stm32f4xx_gpio.c...
compiling stm32f4xx_rcc.c...
compiling stm32f4xx_i2c.c...
compiling stm32f4xx_usart.c...
linking...
Program Size: Code=6960 RO-data=424 RW-data=48 ZI-data=1056  
".\OUT\Proj1.axf" - 0 Error(s), 16 Warning(s).
Load "G:\\ARM\\F4\\OUT\\Proj1.axf" 
Erase Done.
Programming Done.
Verify OK.
.c...
compiling stm32f4xx_i2c.c...
compiling stm32f4xx_usart.c...
".\OUT\Proj1.axf" - 1 Error(s), 17 Warning(s).
Target not created
