ARM Linker, 5.03 [Build 76] [MDK-ARM Lite]

==============================================================================

Section Cross References

    startup_stm32f40_41xxx.o(RESET) refers to startup_stm32f40_41xxx.o(STACK) for __initial_sp
    startup_stm32f40_41xxx.o(RESET) refers to startup_stm32f40_41xxx.o(.text) for Reset_Handler
    startup_stm32f40_41xxx.o(.text) refers to system_stm32f4xx.o(.text) for SystemInit
    startup_stm32f40_41xxx.o(.text) refers to entry.o(.ARM.Collect$$$$00000000) for __main
    system_stm32f4xx.o(.text) refers to system_stm32f4xx.o(.data) for SystemCoreClock
    main.o(.text) refers to stm32f4xx_rcc.o(.text) for RCC_APB2PeriphClockCmd
    main.o(.text) refers to stm32f4xx_gpio.o(.text) for GPIO_Init
    main.o(.text) refers to stm32f4xx_usart.o(.text) for USART_Init
    main.o(.text) refers to stm32f4xx_i2c.o(.text) for I2C_DeInit
    main.o(.text) refers to mpu6050.o(.text) for MPU6050_Initialize
    main.o(.text) refers to printf1.o(i.__0printf$1) for __2printf
    main.o(.text) refers to main.o(.data) for GPIO_InitStructure
    main.o(.text) refers to main.o(.bss) for USART_InitStructure
    mpu6050.o(.text) refers to stm32f4xx_i2c.o(.text) for I2C_GenerateSTART
    stm32f4xx_gpio.o(.text) refers to stm32f4xx_rcc.o(.text) for RCC_AHB1PeriphResetCmd
    stm32f4xx_rcc.o(.text) refers to stm32f4xx_rcc.o(.data) for APBAHBPrescTable
    stm32f4xx_i2c.o(.text) refers to stm32f4xx_rcc.o(.text) for RCC_APB1PeriphResetCmd
    stm32f4xx_usart.o(.text) refers to stm32f4xx_rcc.o(.text) for RCC_APB2PeriphResetCmd
    entry.o(.ARM.Collect$$$$00000000) refers (Special) to entry10a.o(.ARM.Collect$$$$0000000D) for __rt_final_cpp
    entry.o(.ARM.Collect$$$$00000000) refers (Special) to entry11a.o(.ARM.Collect$$$$0000000F) for __rt_final_exit
    entry.o(.ARM.Collect$$$$00000000) refers (Special) to entry7b.o(.ARM.Collect$$$$00000008) for _main_clock
    entry.o(.ARM.Collect$$$$00000000) refers (Special) to entry8b.o(.ARM.Collect$$$$0000000A) for _main_cpp_init
    entry.o(.ARM.Collect$$$$00000000) refers (Special) to entry9a.o(.ARM.Collect$$$$0000000B) for _main_init
    entry.o(.ARM.Collect$$$$00000000) refers (Special) to entry5.o(.ARM.Collect$$$$00000004) for _main_scatterload
    entry.o(.ARM.Collect$$$$00000000) refers (Special) to entry2.o(.ARM.Collect$$$$00000001) for _main_stk
    printfb.o(i.__0fprintf$bare) refers to printfb.o(i._printf_core) for _printf_core
    printfb.o(i.__0fprintf$bare) refers to main.o(.text) for fputc
    printfb.o(i.__0printf$bare) refers to printfb.o(i._printf_core) for _printf_core
    printfb.o(i.__0printf$bare) refers to main.o(.text) for fputc
    printfb.o(i.__0printf$bare) refers to stdout.o(.data) for __stdout
    printfb.o(i.__0snprintf$bare) refers to printfb.o(i._printf_core) for _printf_core
    printfb.o(i.__0snprintf$bare) refers to printfb.o(i._snputc) for _snputc
    printfb.o(i.__0sprintf$bare) refers to printfb.o(i._printf_core) for _printf_core
    printfb.o(i.__0sprintf$bare) refers to printfb.o(i._sputc) for _sputc
    printfb.o(i.__0vfprintf$bare) refers to printfb.o(i._printf_core) for _printf_core
    printfb.o(i.__0vfprintf$bare) refers to main.o(.text) for fputc
    printfb.o(i.__0vprintf$bare) refers to printfb.o(i._printf_core) for _printf_core
    printfb.o(i.__0vprintf$bare) refers to main.o(.text) for fputc
    printfb.o(i.__0vprintf$bare) refers to stdout.o(.data) for __stdout
    printfb.o(i.__0vsnprintf$bare) refers to printfb.o(i._printf_core) for _printf_core
    printfb.o(i.__0vsnprintf$bare) refers to printfb.o(i._snputc) for _snputc
    printfb.o(i.__0vsprintf$bare) refers to printfb.o(i._printf_core) for _printf_core
    printfb.o(i.__0vsprintf$bare) refers to printfb.o(i._sputc) for _sputc
    printf0.o(i.__0fprintf$0) refers to printf0.o(i._printf_core) for _printf_core
    printf0.o(i.__0fprintf$0) refers to main.o(.text) for fputc
    printf0.o(i.__0printf$0) refers to printf0.o(i._printf_core) for _printf_core
    printf0.o(i.__0printf$0) refers to main.o(.text) for fputc
    printf0.o(i.__0printf$0) refers to stdout.o(.data) for __stdout
    printf0.o(i.__0snprintf$0) refers to printf0.o(i._printf_core) for _printf_core
    printf0.o(i.__0snprintf$0) refers to printf0.o(i._snputc) for _snputc
    printf0.o(i.__0sprintf$0) refers to printf0.o(i._printf_core) for _printf_core
    printf0.o(i.__0sprintf$0) refers to printf0.o(i._sputc) for _sputc
    printf0.o(i.__0vfprintf$0) refers to printf0.o(i._printf_core) for _printf_core
    printf0.o(i.__0vfprintf$0) refers to main.o(.text) for fputc
    printf0.o(i.__0vprintf$0) refers to printf0.o(i._printf_core) for _printf_core
    printf0.o(i.__0vprintf$0) refers to main.o(.text) for fputc
    printf0.o(i.__0vprintf$0) refers to stdout.o(.data) for __stdout
    printf0.o(i.__0vsnprintf$0) refers to printf0.o(i._printf_core) for _printf_core
    printf0.o(i.__0vsnprintf$0) refers to printf0.o(i._snputc) for _snputc
    printf0.o(i.__0vsprintf$0) refers to printf0.o(i._printf_core) for _printf_core
    printf0.o(i.__0vsprintf$0) refers to printf0.o(i._sputc) for _sputc
    printf1.o(i.__0fprintf$1) refers to printf1.o(i._printf_core) for _printf_core
    printf1.o(i.__0fprintf$1) refers to main.o(.text) for fputc
    printf1.o(i.__0printf$1) refers to printf1.o(i._printf_core) for _printf_core
    printf1.o(i.__0printf$1) refers to main.o(.text) for fputc
    printf1.o(i.__0printf$1) refers to stdout.o(.data) for __stdout
    printf1.o(i.__0snprintf$1) refers to printf1.o(i._printf_core) for _printf_core
    printf1.o(i.__0snprintf$1) refers to printf1.o(i._snputc) for _snputc
    printf1.o(i.__0sprintf$1) refers to printf1.o(i._printf_core) for _printf_core
    printf1.o(i.__0sprintf$1) refers to printf1.o(i._sputc) for _sputc
    printf1.o(i.__0vfprintf$1) refers to printf1.o(i._printf_core) for _printf_core
    printf1.o(i.__0vfprintf$1) refers to main.o(.text) for fputc
    printf1.o(i.__0vprintf$1) refers to printf1.o(i._printf_core) for _printf_core
    printf1.o(i.__0vprintf$1) refers to main.o(.text) for fputc
    printf1.o(i.__0vprintf$1) refers to stdout.o(.data) for __stdout
    printf1.o(i.__0vsnprintf$1) refers to printf1.o(i._printf_core) for _printf_core
    printf1.o(i.__0vsnprintf$1) refers to printf1.o(i._snputc) for _snputc
    printf1.o(i.__0vsprintf$1) refers to printf1.o(i._printf_core) for _printf_core
    printf1.o(i.__0vsprintf$1) refers to printf1.o(i._sputc) for _sputc
    printf1.o(i._printf_core) refers to uidiv.o(.text) for __aeabi_uidivmod
    printf2.o(i.__0fprintf$2) refers to printf2.o(i._printf_core) for _printf_core
    printf2.o(i.__0fprintf$2) refers to main.o(.text) for fputc
    printf2.o(i.__0printf$2) refers to printf2.o(i._printf_core) for _printf_core
    printf2.o(i.__0printf$2) refers to main.o(.text) for fputc
    printf2.o(i.__0printf$2) refers to stdout.o(.data) for __stdout
    printf2.o(i.__0snprintf$2) refers to printf2.o(i._printf_core) for _printf_core
    printf2.o(i.__0snprintf$2) refers to printf2.o(i._snputc) for _snputc
    printf2.o(i.__0sprintf$2) refers to printf2.o(i._printf_core) for _printf_core
    printf2.o(i.__0sprintf$2) refers to printf2.o(i._sputc) for _sputc
    printf2.o(i.__0vfprintf$2) refers to printf2.o(i._printf_core) for _printf_core
    printf2.o(i.__0vfprintf$2) refers to main.o(.text) for fputc
    printf2.o(i.__0vprintf$2) refers to printf2.o(i._printf_core) for _printf_core
    printf2.o(i.__0vprintf$2) refers to main.o(.text) for fputc
    printf2.o(i.__0vprintf$2) refers to stdout.o(.data) for __stdout
    printf2.o(i.__0vsnprintf$2) refers to printf2.o(i._printf_core) for _printf_core
    printf2.o(i.__0vsnprintf$2) refers to printf2.o(i._snputc) for _snputc
    printf2.o(i.__0vsprintf$2) refers to printf2.o(i._printf_core) for _printf_core
    printf2.o(i.__0vsprintf$2) refers to printf2.o(i._sputc) for _sputc
    printf3.o(i.__0fprintf$3) refers to printf3.o(i._printf_core) for _printf_core
    printf3.o(i.__0fprintf$3) refers to main.o(.text) for fputc
    printf3.o(i.__0printf$3) refers to printf3.o(i._printf_core) for _printf_core
    printf3.o(i.__0printf$3) refers to main.o(.text) for fputc
    printf3.o(i.__0printf$3) refers to stdout.o(.data) for __stdout
    printf3.o(i.__0snprintf$3) refers to printf3.o(i._printf_core) for _printf_core
    printf3.o(i.__0snprintf$3) refers to printf3.o(i._snputc) for _snputc
    printf3.o(i.__0sprintf$3) refers to printf3.o(i._printf_core) for _printf_core
    printf3.o(i.__0sprintf$3) refers to printf3.o(i._sputc) for _sputc
    printf3.o(i.__0vfprintf$3) refers to printf3.o(i._printf_core) for _printf_core
    printf3.o(i.__0vfprintf$3) refers to main.o(.text) for fputc
    printf3.o(i.__0vprintf$3) refers to printf3.o(i._printf_core) for _printf_core
    printf3.o(i.__0vprintf$3) refers to main.o(.text) for fputc
    printf3.o(i.__0vprintf$3) refers to stdout.o(.data) for __stdout
    printf3.o(i.__0vsnprintf$3) refers to printf3.o(i._printf_core) for _printf_core
    printf3.o(i.__0vsnprintf$3) refers to printf3.o(i._snputc) for _snputc
    printf3.o(i.__0vsprintf$3) refers to printf3.o(i._printf_core) for _printf_core
    printf3.o(i.__0vsprintf$3) refers to printf3.o(i._sputc) for _sputc
    printf3.o(i._printf_core) refers to uidiv.o(.text) for __aeabi_uidivmod
    printf4.o(i.__0fprintf$4) refers to printf4.o(i._printf_core) for _printf_core
    printf4.o(i.__0fprintf$4) refers to main.o(.text) for fputc
    printf4.o(i.__0printf$4) refers to printf4.o(i._printf_core) for _printf_core
    printf4.o(i.__0printf$4) refers to main.o(.text) for fputc
    printf4.o(i.__0printf$4) refers to stdout.o(.data) for __stdout
    printf4.o(i.__0snprintf$4) refers to printf4.o(i._printf_core) for _printf_core
    printf4.o(i.__0snprintf$4) refers to printf4.o(i._snputc) for _snputc
    printf4.o(i.__0sprintf$4) refers to printf4.o(i._printf_core) for _printf_core
    printf4.o(i.__0sprintf$4) refers to printf4.o(i._sputc) for _sputc
    printf4.o(i.__0vfprintf$4) refers to printf4.o(i._printf_core) for _printf_core
    printf4.o(i.__0vfprintf$4) refers to main.o(.text) for fputc
    printf4.o(i.__0vprintf$4) refers to printf4.o(i._printf_core) for _printf_core
    printf4.o(i.__0vprintf$4) refers to main.o(.text) for fputc
    printf4.o(i.__0vprintf$4) refers to stdout.o(.data) for __stdout
    printf4.o(i.__0vsnprintf$4) refers to printf4.o(i._printf_core) for _printf_core
    printf4.o(i.__0vsnprintf$4) refers to printf4.o(i._snputc) for _snputc
    printf4.o(i.__0vsprintf$4) refers to printf4.o(i._printf_core) for _printf_core
    printf4.o(i.__0vsprintf$4) refers to printf4.o(i._sputc) for _sputc
    printf4.o(i._printf_core) refers to uldiv.o(.text) for __aeabi_uldivmod
    printf5.o(i.__0fprintf$5) refers to printf5.o(i._printf_core) for _printf_core
    printf5.o(i.__0fprintf$5) refers to main.o(.text) for fputc
    printf5.o(i.__0printf$5) refers to printf5.o(i._printf_core) for _printf_core
    printf5.o(i.__0printf$5) refers to main.o(.text) for fputc
    printf5.o(i.__0printf$5) refers to stdout.o(.data) for __stdout
    printf5.o(i.__0snprintf$5) refers to printf5.o(i._printf_core) for _printf_core
    printf5.o(i.__0snprintf$5) refers to printf5.o(i._snputc) for _snputc
    printf5.o(i.__0sprintf$5) refers to printf5.o(i._printf_core) for _printf_core
    printf5.o(i.__0sprintf$5) refers to printf5.o(i._sputc) for _sputc
    printf5.o(i.__0vfprintf$5) refers to printf5.o(i._printf_core) for _printf_core
    printf5.o(i.__0vfprintf$5) refers to main.o(.text) for fputc
    printf5.o(i.__0vprintf$5) refers to printf5.o(i._printf_core) for _printf_core
    printf5.o(i.__0vprintf$5) refers to main.o(.text) for fputc
    printf5.o(i.__0vprintf$5) refers to stdout.o(.data) for __stdout
    printf5.o(i.__0vsnprintf$5) refers to printf5.o(i._printf_core) for _printf_core
    printf5.o(i.__0vsnprintf$5) refers to printf5.o(i._snputc) for _snputc
    printf5.o(i.__0vsprintf$5) refers to printf5.o(i._printf_core) for _printf_core
    printf5.o(i.__0vsprintf$5) refers to printf5.o(i._sputc) for _sputc
    printf5.o(i._printf_core) refers to uldiv.o(.text) for __aeabi_uldivmod
    printf6.o(i.__0fprintf$6) refers to printf6.o(i._printf_core) for _printf_core
    printf6.o(i.__0fprintf$6) refers to main.o(.text) for fputc
    printf6.o(i.__0printf$6) refers to printf6.o(i._printf_core) for _printf_core
    printf6.o(i.__0printf$6) refers to main.o(.text) for fputc
    printf6.o(i.__0printf$6) refers to stdout.o(.data) for __stdout
    printf6.o(i.__0snprintf$6) refers to printf6.o(i._printf_core) for _printf_core
    printf6.o(i.__0snprintf$6) refers to printf6.o(i._snputc) for _snputc
    printf6.o(i.__0sprintf$6) refers to printf6.o(i._printf_core) for _printf_core
    printf6.o(i.__0sprintf$6) refers to printf6.o(i._sputc) for _sputc
    printf6.o(i.__0vfprintf$6) refers to printf6.o(i._printf_core) for _printf_core
    printf6.o(i.__0vfprintf$6) refers to main.o(.text) for fputc
    printf6.o(i.__0vprintf$6) refers to printf6.o(i._printf_core) for _printf_core
    printf6.o(i.__0vprintf$6) refers to main.o(.text) for fputc
    printf6.o(i.__0vprintf$6) refers to stdout.o(.data) for __stdout
    printf6.o(i.__0vsnprintf$6) refers to printf6.o(i._printf_core) for _printf_core
    printf6.o(i.__0vsnprintf$6) refers to printf6.o(i._snputc) for _snputc
    printf6.o(i.__0vsprintf$6) refers to printf6.o(i._printf_core) for _printf_core
    printf6.o(i.__0vsprintf$6) refers to printf6.o(i._sputc) for _sputc
    printf6.o(i._printf_core) refers to printf6.o(i._printf_pre_padding) for _printf_pre_padding
    printf6.o(i._printf_core) refers to uidiv.o(.text) for __aeabi_uidivmod
    printf6.o(i._printf_core) refers to printf6.o(i._printf_post_padding) for _printf_post_padding
    printf7.o(i.__0fprintf$7) refers to printf7.o(i._printf_core) for _printf_core
    printf7.o(i.__0fprintf$7) refers to main.o(.text) for fputc
    printf7.o(i.__0printf$7) refers to printf7.o(i._printf_core) for _printf_core
    printf7.o(i.__0printf$7) refers to main.o(.text) for fputc
    printf7.o(i.__0printf$7) refers to stdout.o(.data) for __stdout
    printf7.o(i.__0snprintf$7) refers to printf7.o(i._printf_core) for _printf_core
    printf7.o(i.__0snprintf$7) refers to printf7.o(i._snputc) for _snputc
    printf7.o(i.__0sprintf$7) refers to printf7.o(i._printf_core) for _printf_core
    printf7.o(i.__0sprintf$7) refers to printf7.o(i._sputc) for _sputc
    printf7.o(i.__0vfprintf$7) refers to printf7.o(i._printf_core) for _printf_core
    printf7.o(i.__0vfprintf$7) refers to main.o(.text) for fputc
    printf7.o(i.__0vprintf$7) refers to printf7.o(i._printf_core) for _printf_core
    printf7.o(i.__0vprintf$7) refers to main.o(.text) for fputc
    printf7.o(i.__0vprintf$7) refers to stdout.o(.data) for __stdout
    printf7.o(i.__0vsnprintf$7) refers to printf7.o(i._printf_core) for _printf_core
    printf7.o(i.__0vsnprintf$7) refers to printf7.o(i._snputc) for _snputc
    printf7.o(i.__0vsprintf$7) refers to printf7.o(i._printf_core) for _printf_core
    printf7.o(i.__0vsprintf$7) refers to printf7.o(i._sputc) for _sputc
    printf7.o(i._printf_core) refers to printf7.o(i._printf_pre_padding) for _printf_pre_padding
    printf7.o(i._printf_core) refers to uldiv.o(.text) for __aeabi_uldivmod
    printf7.o(i._printf_core) refers to printf7.o(i._printf_post_padding) for _printf_post_padding
    printf8.o(i.__0fprintf$8) refers to printf8.o(i._printf_core) for _printf_core
    printf8.o(i.__0fprintf$8) refers to main.o(.text) for fputc
    printf8.o(i.__0printf$8) refers to printf8.o(i._printf_core) for _printf_core
    printf8.o(i.__0printf$8) refers to main.o(.text) for fputc
    printf8.o(i.__0printf$8) refers to stdout.o(.data) for __stdout
    printf8.o(i.__0snprintf$8) refers to printf8.o(i._printf_core) for _printf_core
    printf8.o(i.__0snprintf$8) refers to printf8.o(i._snputc) for _snputc
    printf8.o(i.__0sprintf$8) refers to printf8.o(i._printf_core) for _printf_core
    printf8.o(i.__0sprintf$8) refers to printf8.o(i._sputc) for _sputc
    printf8.o(i.__0vfprintf$8) refers to printf8.o(i._printf_core) for _printf_core
    printf8.o(i.__0vfprintf$8) refers to main.o(.text) for fputc
    printf8.o(i.__0vprintf$8) refers to printf8.o(i._printf_core) for _printf_core
    printf8.o(i.__0vprintf$8) refers to main.o(.text) for fputc
    printf8.o(i.__0vprintf$8) refers to stdout.o(.data) for __stdout
    printf8.o(i.__0vsnprintf$8) refers to printf8.o(i._printf_core) for _printf_core
    printf8.o(i.__0vsnprintf$8) refers to printf8.o(i._snputc) for _snputc
    printf8.o(i.__0vsprintf$8) refers to printf8.o(i._printf_core) for _printf_core
    printf8.o(i.__0vsprintf$8) refers to printf8.o(i._sputc) for _sputc
    printf8.o(i._printf_core) refers to printf8.o(i._printf_pre_padding) for _printf_pre_padding
    printf8.o(i._printf_core) refers to uldiv.o(.text) for __aeabi_uldivmod
    printf8.o(i._printf_core) refers to printf8.o(i._printf_post_padding) for _printf_post_padding
    printfa.o(i.__0fprintf) refers (Special) to iusefp.o(.text) for __I$use$fp
    printfa.o(i.__0fprintf) refers to printfa.o(i._printf_core) for _printf_core
    printfa.o(i.__0fprintf) refers to main.o(.text) for fputc
    printfa.o(i.__0printf) refers (Special) to iusefp.o(.text) for __I$use$fp
    printfa.o(i.__0printf) refers to printfa.o(i._printf_core) for _printf_core
    printfa.o(i.__0printf) refers to main.o(.text) for fputc
    printfa.o(i.__0printf) refers to stdout.o(.data) for __stdout
    printfa.o(i.__0snprintf) refers (Special) to iusefp.o(.text) for __I$use$fp
    printfa.o(i.__0snprintf) refers to printfa.o(i._printf_core) for _printf_core
    printfa.o(i.__0snprintf) refers to printfa.o(i._snputc) for _snputc
    printfa.o(i.__0sprintf) refers (Special) to iusefp.o(.text) for __I$use$fp
    printfa.o(i.__0sprintf) refers to printfa.o(i._printf_core) for _printf_core
    printfa.o(i.__0sprintf) refers to printfa.o(i._sputc) for _sputc
    printfa.o(i.__0vfprintf) refers (Special) to iusefp.o(.text) for __I$use$fp
    printfa.o(i.__0vfprintf) refers to printfa.o(i._printf_core) for _printf_core
    printfa.o(i.__0vfprintf) refers to main.o(.text) for fputc
    printfa.o(i.__0vprintf) refers (Special) to iusefp.o(.text) for __I$use$fp
    printfa.o(i.__0vprintf) refers to printfa.o(i._printf_core) for _printf_core
    printfa.o(i.__0vprintf) refers to main.o(.text) for fputc
    printfa.o(i.__0vprintf) refers to stdout.o(.data) for __stdout
    printfa.o(i.__0vsnprintf) refers (Special) to iusefp.o(.text) for __I$use$fp
    printfa.o(i.__0vsnprintf) refers to printfa.o(i._printf_core) for _printf_core
    printfa.o(i.__0vsnprintf) refers to printfa.o(i._snputc) for _snputc
    printfa.o(i.__0vsprintf) refers (Special) to iusefp.o(.text) for __I$use$fp
    printfa.o(i.__0vsprintf) refers to printfa.o(i._printf_core) for _printf_core
    printfa.o(i.__0vsprintf) refers to printfa.o(i._sputc) for _sputc
    printfa.o(i._fp_digits) refers (Special) to iusefp.o(.text) for __I$use$fp
    printfa.o(i._fp_digits) refers to dmul.o(.text) for __aeabi_dmul
    printfa.o(i._fp_digits) refers to ddiv.o(.text) for __aeabi_ddiv
    printfa.o(i._fp_digits) refers to cdrcmple.o(.text) for __aeabi_cdrcmple
    printfa.o(i._fp_digits) refers to dadd.o(.text) for __aeabi_dadd
    printfa.o(i._fp_digits) refers to dfixul.o(.text) for __aeabi_d2ulz
    printfa.o(i._fp_digits) refers to uldiv.o(.text) for __aeabi_uldivmod
    printfa.o(i._printf_core) refers (Special) to iusefp.o(.text) for __I$use$fp
    printfa.o(i._printf_core) refers to printfa.o(i._printf_pre_padding) for _printf_pre_padding
    printfa.o(i._printf_core) refers to uldiv.o(.text) for __aeabi_uldivmod
    printfa.o(i._printf_core) refers to printfa.o(i._printf_post_padding) for _printf_post_padding
    printfa.o(i._printf_core) refers to printfa.o(i._fp_digits) for _fp_digits
    printfa.o(i._printf_core) refers to uidiv.o(.text) for __aeabi_uidivmod
    printfa.o(i._printf_post_padding) refers (Special) to iusefp.o(.text) for __I$use$fp
    printfa.o(i._printf_pre_padding) refers (Special) to iusefp.o(.text) for __I$use$fp
    printfa.o(i._snputc) refers (Special) to iusefp.o(.text) for __I$use$fp
    printfa.o(i._sputc) refers (Special) to iusefp.o(.text) for __I$use$fp
    entry2.o(.ARM.Collect$$$$00000001) refers to entry2.o(.ARM.Collect$$$$00002712) for __lit__00000000
    entry2.o(.ARM.Collect$$$$00002712) refers to startup_stm32f40_41xxx.o(STACK) for __initial_sp
    entry2.o(__vectab_stack_and_reset_area) refers to startup_stm32f40_41xxx.o(STACK) for __initial_sp
    entry2.o(__vectab_stack_and_reset_area) refers to entry.o(.ARM.Collect$$$$00000000) for __main
    entry5.o(.ARM.Collect$$$$00000004) refers to init.o(.text) for __scatterload
    entry9a.o(.ARM.Collect$$$$0000000B) refers to main.o(.text) for main
    entry9b.o(.ARM.Collect$$$$0000000C) refers to main.o(.text) for main
    uldiv.o(.text) refers to llushr.o(.text) for __aeabi_llsr
    uldiv.o(.text) refers to llshl.o(.text) for __aeabi_llsl
    dadd.o(.text) refers to llshl.o(.text) for __aeabi_llsl
    dadd.o(.text) refers to llsshr.o(.text) for __aeabi_lasr
    dadd.o(.text) refers to depilogue.o(.text) for _double_epilogue
    dmul.o(.text) refers to depilogue.o(.text) for _double_epilogue
    ddiv.o(.text) refers to depilogue.o(.text) for _double_round
    dfixul.o(.text) refers to llushr.o(.text) for __aeabi_llsr
    dfixul.o(.text) refers to llshl.o(.text) for __aeabi_llsl
    init.o(.text) refers to entry5.o(.ARM.Collect$$$$00000004) for __main_after_scatterload
    depilogue.o(.text) refers to llshl.o(.text) for __aeabi_llsl
    depilogue.o(.text) refers to llushr.o(.text) for __aeabi_llsr


==============================================================================

Removing Unused input sections from the image.

    Removing startup_stm32f40_41xxx.o(HEAP), (512 bytes).
    Removing system_stm32f4xx.o(.rev16_text), (4 bytes).
    Removing system_stm32f4xx.o(.revsh_text), (4 bytes).
    Removing main.o(.rev16_text), (4 bytes).
    Removing main.o(.revsh_text), (4 bytes).
    Removing mpu6050.o(.rev16_text), (4 bytes).
    Removing mpu6050.o(.revsh_text), (4 bytes).
    Removing misc.o(.rev16_text), (4 bytes).
    Removing misc.o(.revsh_text), (4 bytes).
    Removing misc.o(.text), (228 bytes).
    Removing stm32f4xx_gpio.o(.rev16_text), (4 bytes).
    Removing stm32f4xx_gpio.o(.revsh_text), (4 bytes).
    Removing stm32f4xx_rcc.o(.rev16_text), (4 bytes).
    Removing stm32f4xx_rcc.o(.revsh_text), (4 bytes).
    Removing stm32f4xx_i2c.o(.rev16_text), (4 bytes).
    Removing stm32f4xx_i2c.o(.revsh_text), (4 bytes).
    Removing stm32f4xx_usart.o(.rev16_text), (4 bytes).
    Removing stm32f4xx_usart.o(.revsh_text), (4 bytes).
    Removing dadd.o(.text), (334 bytes).
    Removing dmul.o(.text), (228 bytes).
    Removing ddiv.o(.text), (222 bytes).
    Removing dfixul.o(.text), (48 bytes).
    Removing cdrcmple.o(.text), (40 bytes).
    Removing depilogue.o(.text), (190 bytes).

24 unused section(s) (total 1866 bytes) removed from the image.

==============================================================================

Image Symbol Table

    Local Symbols

    Symbol Name                              Value     Ov Type        Size  Object(Section)

    ../clib/microlib/division.c              0x00000000   Number         0  uldiv.o ABSOLUTE
    ../clib/microlib/division.c              0x00000000   Number         0  uidiv.o ABSOLUTE
    ../clib/microlib/init/entry.s            0x00000000   Number         0  entry11b.o ABSOLUTE
    ../clib/microlib/init/entry.s            0x00000000   Number         0  entry9a.o ABSOLUTE
    ../clib/microlib/init/entry.s            0x00000000   Number         0  entry5.o ABSOLUTE
    ../clib/microlib/init/entry.s            0x00000000   Number         0  entry7b.o ABSOLUTE
    ../clib/microlib/init/entry.s            0x00000000   Number         0  entry8a.o ABSOLUTE
    ../clib/microlib/init/entry.s            0x00000000   Number         0  entry9b.o ABSOLUTE
    ../clib/microlib/init/entry.s            0x00000000   Number         0  entry2.o ABSOLUTE
    ../clib/microlib/init/entry.s            0x00000000   Number         0  entry11a.o ABSOLUTE
    ../clib/microlib/init/entry.s            0x00000000   Number         0  entry.o ABSOLUTE
    ../clib/microlib/init/entry.s            0x00000000   Number         0  entry8b.o ABSOLUTE
    ../clib/microlib/init/entry.s            0x00000000   Number         0  entry10b.o ABSOLUTE
    ../clib/microlib/init/entry.s            0x00000000   Number         0  entry10a.o ABSOLUTE
    ../clib/microlib/init/entry.s            0x00000000   Number         0  entry7a.o ABSOLUTE
    ../clib/microlib/longlong.c              0x00000000   Number         0  llushr.o ABSOLUTE
    ../clib/microlib/longlong.c              0x00000000   Number         0  llsshr.o ABSOLUTE
    ../clib/microlib/longlong.c              0x00000000   Number         0  llshl.o ABSOLUTE
    ../clib/microlib/printf/printf.c         0x00000000   Number         0  printfb.o ABSOLUTE
    ../clib/microlib/printf/printf.c         0x00000000   Number         0  printf8.o ABSOLUTE
    ../clib/microlib/printf/printf.c         0x00000000   Number         0  printf6.o ABSOLUTE
    ../clib/microlib/printf/printf.c         0x00000000   Number         0  printf7.o ABSOLUTE
    ../clib/microlib/printf/printf.c         0x00000000   Number         0  printf2.o ABSOLUTE
    ../clib/microlib/printf/printf.c         0x00000000   Number         0  printf3.o ABSOLUTE
    ../clib/microlib/printf/printf.c         0x00000000   Number         0  printf4.o ABSOLUTE
    ../clib/microlib/printf/printf.c         0x00000000   Number         0  printf5.o ABSOLUTE
    ../clib/microlib/printf/printf.c         0x00000000   Number         0  printfa.o ABSOLUTE
    ../clib/microlib/printf/printf.c         0x00000000   Number         0  printf0.o ABSOLUTE
    ../clib/microlib/printf/printf.c         0x00000000   Number         0  printf1.o ABSOLUTE
    ../clib/microlib/printf/stubs.s          0x00000000   Number         0  stubs.o ABSOLUTE
    ../clib/microlib/stdio/streams.c         0x00000000   Number         0  stdout.o ABSOLUTE
    ../clib/microlib/stubs.s                 0x00000000   Number         0  iusefp.o ABSOLUTE
    ../fplib/microlib/fpadd.c                0x00000000   Number         0  dadd.o ABSOLUTE
    ../fplib/microlib/fpdiv.c                0x00000000   Number         0  ddiv.o ABSOLUTE
    ../fplib/microlib/fpepilogue.c           0x00000000   Number         0  depilogue.o ABSOLUTE
    ../fplib/microlib/fpfix.c                0x00000000   Number         0  dfixul.o ABSOLUTE
    ../fplib/microlib/fpmul.c                0x00000000   Number         0  dmul.o ABSOLUTE
    CMSIS\\system_stm32f4xx.c                0x00000000   Number         0  system_stm32f4xx.o ABSOLUTE
    CMSIS\system_stm32f4xx.c                 0x00000000   Number         0  system_stm32f4xx.o ABSOLUTE
    STDLIB\\misc.c                           0x00000000   Number         0  misc.o ABSOLUTE
    STDLIB\\stm32f4xx_gpio.c                 0x00000000   Number         0  stm32f4xx_gpio.o ABSOLUTE
    STDLIB\\stm32f4xx_i2c.c                  0x00000000   Number         0  stm32f4xx_i2c.o ABSOLUTE
    STDLIB\\stm32f4xx_rcc.c                  0x00000000   Number         0  stm32f4xx_rcc.o ABSOLUTE
    STDLIB\\stm32f4xx_usart.c                0x00000000   Number         0  stm32f4xx_usart.o ABSOLUTE
    STDLIB\misc.c                            0x00000000   Number         0  misc.o ABSOLUTE
    STDLIB\stm32f4xx_gpio.c                  0x00000000   Number         0  stm32f4xx_gpio.o ABSOLUTE
    STDLIB\stm32f4xx_i2c.c                   0x00000000   Number         0  stm32f4xx_i2c.o ABSOLUTE
    STDLIB\stm32f4xx_rcc.c                   0x00000000   Number         0  stm32f4xx_rcc.o ABSOLUTE
    STDLIB\stm32f4xx_usart.c                 0x00000000   Number         0  stm32f4xx_usart.o ABSOLUTE
    USER\MPU6050.c                           0x00000000   Number         0  mpu6050.o ABSOLUTE
    USER\\MPU6050.c                          0x00000000   Number         0  mpu6050.o ABSOLUTE
    USER\\main.c                             0x00000000   Number         0  main.o ABSOLUTE
    USER\main.c                              0x00000000   Number         0  main.o ABSOLUTE
    cdrcmple.s                               0x00000000   Number         0  cdrcmple.o ABSOLUTE
    dc.s                                     0x00000000   Number         0  dc.o ABSOLUTE
    handlers.s                               0x00000000   Number         0  handlers.o ABSOLUTE
    init.s                                   0x00000000   Number         0  init.o ABSOLUTE
    startup_stm32f40_41xxx.s                 0x00000000   Number         0  startup_stm32f40_41xxx.o ABSOLUTE
    RESET                                    0x08000000   Section      392  startup_stm32f40_41xxx.o(RESET)
    .ARM.Collect$$$$00000000                 0x08000188   Section        0  entry.o(.ARM.Collect$$$$00000000)
    .ARM.Collect$$$$00000001                 0x08000188   Section        4  entry2.o(.ARM.Collect$$$$00000001)
    .ARM.Collect$$$$00000004                 0x0800018c   Section        4  entry5.o(.ARM.Collect$$$$00000004)
    .ARM.Collect$$$$00000008                 0x08000190   Section        0  entry7b.o(.ARM.Collect$$$$00000008)
    .ARM.Collect$$$$0000000A                 0x08000190   Section        0  entry8b.o(.ARM.Collect$$$$0000000A)
    .ARM.Collect$$$$0000000B                 0x08000190   Section        8  entry9a.o(.ARM.Collect$$$$0000000B)
    .ARM.Collect$$$$0000000D                 0x08000198   Section        0  entry10a.o(.ARM.Collect$$$$0000000D)
    .ARM.Collect$$$$0000000F                 0x08000198   Section        0  entry11a.o(.ARM.Collect$$$$0000000F)
    .ARM.Collect$$$$00002712                 0x08000198   Section        4  entry2.o(.ARM.Collect$$$$00002712)
    __lit__00000000                          0x08000198   Data           4  entry2.o(.ARM.Collect$$$$00002712)
    .text                                    0x0800019c   Section       36  startup_stm32f40_41xxx.o(.text)
    $v0                                      0x0800019c   Number         0  startup_stm32f40_41xxx.o(.text)
    .text                                    0x080001c0   Section        0  system_stm32f4xx.o(.text)
    SetSysClock                              0x080001c1   Thumb Code   218  system_stm32f4xx.o(.text)
    .text                                    0x080003cc   Section        0  main.o(.text)
    .text                                    0x080005e8   Section        0  mpu6050.o(.text)
    .text                                    0x08000960   Section        0  stm32f4xx_gpio.o(.text)
    .text                                    0x08000bf4   Section        0  stm32f4xx_rcc.o(.text)
    .text                                    0x08001228   Section        0  stm32f4xx_i2c.o(.text)
    .text                                    0x08001680   Section        0  stm32f4xx_usart.o(.text)
    .text                                    0x08001ad4   Section        0  uidiv.o(.text)
    .text                                    0x08001b00   Section       36  init.o(.text)
    i.__0printf$1                            0x08001b24   Section        0  printf1.o(i.__0printf$1)
    i.__scatterload_copy                     0x08001b44   Section       14  handlers.o(i.__scatterload_copy)
    i.__scatterload_null                     0x08001b52   Section        2  handlers.o(i.__scatterload_null)
    i.__scatterload_zeroinit                 0x08001b54   Section       14  handlers.o(i.__scatterload_zeroinit)
    i._printf_core                           0x08001b64   Section        0  printf1.o(i._printf_core)
    _printf_core                             0x08001b65   Thumb Code   334  printf1.o(i._printf_core)
    .data                                    0x20000000   Section       20  system_stm32f4xx.o(.data)
    .data                                    0x20000014   Section        8  main.o(.data)
    .data                                    0x2000001c   Section       16  stm32f4xx_rcc.o(.data)
    APBAHBPrescTable                         0x2000001c   Data          16  stm32f4xx_rcc.o(.data)
    .data                                    0x2000002c   Section        4  stdout.o(.data)
    .bss                                     0x20000030   Section       30  main.o(.bss)
    STACK                                    0x20000050   Section     1024  startup_stm32f40_41xxx.o(STACK)

    Global Symbols

    Symbol Name                              Value     Ov Type        Size  Object(Section)

    BuildAttributes$$THM_ISAv4$E$P$D$K$B$S$7EM$VFPi3$EXTD16$VFPS$VFMA$PE$A:L22UL41UL21$X:L11$S22US41US21$IEEE1$IW$USESV6$~STKCKD$USESV7$~SHL$OSPACE$ROPI$EBA8$MICROLIB$REQ8$PRES8$EABIv2 0x00000000   Number         0  anon$$obj.o ABSOLUTE
    __ARM_use_no_argv                        0x00000000   Number         0  main.o ABSOLUTE
    _printf_a                                0x00000000   Number         0  stubs.o ABSOLUTE
    _printf_c                                0x00000000   Number         0  stubs.o ABSOLUTE
    _printf_charcount                        0x00000000   Number         0  stubs.o ABSOLUTE
    _printf_d                                0x00000000   Number         0  stubs.o ABSOLUTE
    _printf_e                                0x00000000   Number         0  stubs.o ABSOLUTE
    _printf_f                                0x00000000   Number         0  stubs.o ABSOLUTE
    _printf_flags                            0x00000000   Number         0  stubs.o ABSOLUTE
    _printf_fp_dec                           0x00000000   Number         0  stubs.o ABSOLUTE
    _printf_fp_hex                           0x00000000   Number         0  stubs.o ABSOLUTE
    _printf_g                                0x00000000   Number         0  stubs.o ABSOLUTE
    _printf_i                                0x00000000   Number         0  stubs.o ABSOLUTE
    _printf_int_dec                          0x00000000   Number         0  stubs.o ABSOLUTE
    _printf_l                                0x00000000   Number         0  stubs.o ABSOLUTE
    _printf_lc                               0x00000000   Number         0  stubs.o ABSOLUTE
    _printf_ll                               0x00000000   Number         0  stubs.o ABSOLUTE
    _printf_lld                              0x00000000   Number         0  stubs.o ABSOLUTE
    _printf_lli                              0x00000000   Number         0  stubs.o ABSOLUTE
    _printf_llo                              0x00000000   Number         0  stubs.o ABSOLUTE
    _printf_llu                              0x00000000   Number         0  stubs.o ABSOLUTE
    _printf_llx                              0x00000000   Number         0  stubs.o ABSOLUTE
    _printf_longlong_dec                     0x00000000   Number         0  stubs.o ABSOLUTE
    _printf_longlong_hex                     0x00000000   Number         0  stubs.o ABSOLUTE
    _printf_longlong_oct                     0x00000000   Number         0  stubs.o ABSOLUTE
    _printf_ls                               0x00000000   Number         0  stubs.o ABSOLUTE
    _printf_mbtowc                           0x00000000   Number         0  stubs.o ABSOLUTE
    _printf_n                                0x00000000   Number         0  stubs.o ABSOLUTE
    _printf_o                                0x00000000   Number         0  stubs.o ABSOLUTE
    _printf_p                                0x00000000   Number         0  stubs.o ABSOLUTE
    _printf_percent                          0x00000000   Number         0  stubs.o ABSOLUTE
    _printf_pre_padding                      0x00000000   Number         0  stubs.o ABSOLUTE
    _printf_return_value                     0x00000000   Number         0  stubs.o ABSOLUTE
    _printf_s                                0x00000000   Number         0  stubs.o ABSOLUTE
    _printf_sizespec                         0x00000000   Number         0  stubs.o ABSOLUTE
    _printf_str                              0x00000000   Number         0  stubs.o ABSOLUTE
    _printf_truncate_signed                  0x00000000   Number         0  stubs.o ABSOLUTE
    _printf_truncate_unsigned                0x00000000   Number         0  stubs.o ABSOLUTE
    _printf_u                                0x00000000   Number         0  stubs.o ABSOLUTE
    _printf_wc                               0x00000000   Number         0  stubs.o ABSOLUTE
    _printf_wctomb                           0x00000000   Number         0  stubs.o ABSOLUTE
    _printf_widthprec                        0x00000000   Number         0  stubs.o ABSOLUTE
    _printf_x                                0x00000000   Number         0  stubs.o ABSOLUTE
    __cpp_initialize__aeabi_                  - Undefined Weak Reference
    __cxa_finalize                            - Undefined Weak Reference
    __decompress                              - Undefined Weak Reference
    _clock_init                               - Undefined Weak Reference
    _microlib_exit                            - Undefined Weak Reference
    __Vectors_Size                           0x00000188   Number         0  startup_stm32f40_41xxx.o ABSOLUTE
    __Vectors                                0x08000000   Data           4  startup_stm32f40_41xxx.o(RESET)
    __Vectors_End                            0x08000188   Data           0  startup_stm32f40_41xxx.o(RESET)
    __main                                   0x08000189   Thumb Code     0  entry.o(.ARM.Collect$$$$00000000)
    _main_stk                                0x08000189   Thumb Code     0  entry2.o(.ARM.Collect$$$$00000001)
    _main_scatterload                        0x0800018d   Thumb Code     0  entry5.o(.ARM.Collect$$$$00000004)
    __main_after_scatterload                 0x08000191   Thumb Code     0  entry5.o(.ARM.Collect$$$$00000004)
    _main_clock                              0x08000191   Thumb Code     0  entry7b.o(.ARM.Collect$$$$00000008)
    _main_cpp_init                           0x08000191   Thumb Code     0  entry8b.o(.ARM.Collect$$$$0000000A)
    _main_init                               0x08000191   Thumb Code     0  entry9a.o(.ARM.Collect$$$$0000000B)
    __rt_final_cpp                           0x08000199   Thumb Code     0  entry10a.o(.ARM.Collect$$$$0000000D)
    __rt_final_exit                          0x08000199   Thumb Code     0  entry11a.o(.ARM.Collect$$$$0000000F)
    Reset_Handler                            0x0800019d   Thumb Code     8  startup_stm32f40_41xxx.o(.text)
    NMI_Handler                              0x080001a5   Thumb Code     2  startup_stm32f40_41xxx.o(.text)
    HardFault_Handler                        0x080001a7   Thumb Code     2  startup_stm32f40_41xxx.o(.text)
    MemManage_Handler                        0x080001a9   Thumb Code     2  startup_stm32f40_41xxx.o(.text)
    BusFault_Handler                         0x080001ab   Thumb Code     2  startup_stm32f40_41xxx.o(.text)
    UsageFault_Handler                       0x080001ad   Thumb Code     2  startup_stm32f40_41xxx.o(.text)
    SVC_Handler                              0x080001af   Thumb Code     2  startup_stm32f40_41xxx.o(.text)
    DebugMon_Handler                         0x080001b1   Thumb Code     2  startup_stm32f40_41xxx.o(.text)
    PendSV_Handler                           0x080001b3   Thumb Code     2  startup_stm32f40_41xxx.o(.text)
    SysTick_Handler                          0x080001b5   Thumb Code     2  startup_stm32f40_41xxx.o(.text)
    ADC_IRQHandler                           0x080001b7   Thumb Code     0  startup_stm32f40_41xxx.o(.text)
    CAN1_RX0_IRQHandler                      0x080001b7   Thumb Code     0  startup_stm32f40_41xxx.o(.text)
    CAN1_RX1_IRQHandler                      0x080001b7   Thumb Code     0  startup_stm32f40_41xxx.o(.text)
    CAN1_SCE_IRQHandler                      0x080001b7   Thumb Code     0  startup_stm32f40_41xxx.o(.text)
    CAN1_TX_IRQHandler                       0x080001b7   Thumb Code     0  startup_stm32f40_41xxx.o(.text)
    CAN2_RX0_IRQHandler                      0x080001b7   Thumb Code     0  startup_stm32f40_41xxx.o(.text)
    CAN2_RX1_IRQHandler                      0x080001b7   Thumb Code     0  startup_stm32f40_41xxx.o(.text)
    CAN2_SCE_IRQHandler                      0x080001b7   Thumb Code     0  startup_stm32f40_41xxx.o(.text)
    CAN2_TX_IRQHandler                       0x080001b7   Thumb Code     0  startup_stm32f40_41xxx.o(.text)
    CRYP_IRQHandler                          0x080001b7   Thumb Code     0  startup_stm32f40_41xxx.o(.text)
    DCMI_IRQHandler                          0x080001b7   Thumb Code     0  startup_stm32f40_41xxx.o(.text)
    DMA1_Stream0_IRQHandler                  0x080001b7   Thumb Code     0  startup_stm32f40_41xxx.o(.text)
    DMA1_Stream1_IRQHandler                  0x080001b7   Thumb Code     0  startup_stm32f40_41xxx.o(.text)
    DMA1_Stream2_IRQHandler                  0x080001b7   Thumb Code     0  startup_stm32f40_41xxx.o(.text)
    DMA1_Stream3_IRQHandler                  0x080001b7   Thumb Code     0  startup_stm32f40_41xxx.o(.text)
    DMA1_Stream4_IRQHandler                  0x080001b7   Thumb Code     0  startup_stm32f40_41xxx.o(.text)
    DMA1_Stream5_IRQHandler                  0x080001b7   Thumb Code     0  startup_stm32f40_41xxx.o(.text)
    DMA1_Stream6_IRQHandler                  0x080001b7   Thumb Code     0  startup_stm32f40_41xxx.o(.text)
    DMA1_Stream7_IRQHandler                  0x080001b7   Thumb Code     0  startup_stm32f40_41xxx.o(.text)
    DMA2_Stream0_IRQHandler                  0x080001b7   Thumb Code     0  startup_stm32f40_41xxx.o(.text)
    DMA2_Stream1_IRQHandler                  0x080001b7   Thumb Code     0  startup_stm32f40_41xxx.o(.text)
    DMA2_Stream2_IRQHandler                  0x080001b7   Thumb Code     0  startup_stm32f40_41xxx.o(.text)
    DMA2_Stream3_IRQHandler                  0x080001b7   Thumb Code     0  startup_stm32f40_41xxx.o(.text)
    DMA2_Stream4_IRQHandler                  0x080001b7   Thumb Code     0  startup_stm32f40_41xxx.o(.text)
    DMA2_Stream5_IRQHandler                  0x080001b7   Thumb Code     0  startup_stm32f40_41xxx.o(.text)
    DMA2_Stream6_IRQHandler                  0x080001b7   Thumb Code     0  startup_stm32f40_41xxx.o(.text)
    DMA2_Stream7_IRQHandler                  0x080001b7   Thumb Code     0  startup_stm32f40_41xxx.o(.text)
    ETH_IRQHandler                           0x080001b7   Thumb Code     0  startup_stm32f40_41xxx.o(.text)
    ETH_WKUP_IRQHandler                      0x080001b7   Thumb Code     0  startup_stm32f40_41xxx.o(.text)
    EXTI0_IRQHandler                         0x080001b7   Thumb Code     0  startup_stm32f40_41xxx.o(.text)
    EXTI15_10_IRQHandler                     0x080001b7   Thumb Code     0  startup_stm32f40_41xxx.o(.text)
    EXTI1_IRQHandler                         0x080001b7   Thumb Code     0  startup_stm32f40_41xxx.o(.text)
    EXTI2_IRQHandler                         0x080001b7   Thumb Code     0  startup_stm32f40_41xxx.o(.text)
    EXTI3_IRQHandler                         0x080001b7   Thumb Code     0  startup_stm32f40_41xxx.o(.text)
    EXTI4_IRQHandler                         0x080001b7   Thumb Code     0  startup_stm32f40_41xxx.o(.text)
    EXTI9_5_IRQHandler                       0x080001b7   Thumb Code     0  startup_stm32f40_41xxx.o(.text)
    FLASH_IRQHandler                         0x080001b7   Thumb Code     0  startup_stm32f40_41xxx.o(.text)
    FPU_IRQHandler                           0x080001b7   Thumb Code     0  startup_stm32f40_41xxx.o(.text)
    FSMC_IRQHandler                          0x080001b7   Thumb Code     0  startup_stm32f40_41xxx.o(.text)
    HASH_RNG_IRQHandler                      0x080001b7   Thumb Code     0  startup_stm32f40_41xxx.o(.text)
    I2C1_ER_IRQHandler                       0x080001b7   Thumb Code     0  startup_stm32f40_41xxx.o(.text)
    I2C1_EV_IRQHandler                       0x080001b7   Thumb Code     0  startup_stm32f40_41xxx.o(.text)
    I2C2_ER_IRQHandler                       0x080001b7   Thumb Code     0  startup_stm32f40_41xxx.o(.text)
    I2C2_EV_IRQHandler                       0x080001b7   Thumb Code     0  startup_stm32f40_41xxx.o(.text)
    I2C3_ER_IRQHandler                       0x080001b7   Thumb Code     0  startup_stm32f40_41xxx.o(.text)
    I2C3_EV_IRQHandler                       0x080001b7   Thumb Code     0  startup_stm32f40_41xxx.o(.text)
    OTG_FS_IRQHandler                        0x080001b7   Thumb Code     0  startup_stm32f40_41xxx.o(.text)
    OTG_FS_WKUP_IRQHandler                   0x080001b7   Thumb Code     0  startup_stm32f40_41xxx.o(.text)
    OTG_HS_EP1_IN_IRQHandler                 0x080001b7   Thumb Code     0  startup_stm32f40_41xxx.o(.text)
    OTG_HS_EP1_OUT_IRQHandler                0x080001b7   Thumb Code     0  startup_stm32f40_41xxx.o(.text)
    OTG_HS_IRQHandler                        0x080001b7   Thumb Code     0  startup_stm32f40_41xxx.o(.text)
    OTG_HS_WKUP_IRQHandler                   0x080001b7   Thumb Code     0  startup_stm32f40_41xxx.o(.text)
    PVD_IRQHandler                           0x080001b7   Thumb Code     0  startup_stm32f40_41xxx.o(.text)
    RCC_IRQHandler                           0x080001b7   Thumb Code     0  startup_stm32f40_41xxx.o(.text)
    RTC_Alarm_IRQHandler                     0x080001b7   Thumb Code     0  startup_stm32f40_41xxx.o(.text)
    RTC_WKUP_IRQHandler                      0x080001b7   Thumb Code     0  startup_stm32f40_41xxx.o(.text)
    SDIO_IRQHandler                          0x080001b7   Thumb Code     0  startup_stm32f40_41xxx.o(.text)
    SPI1_IRQHandler                          0x080001b7   Thumb Code     0  startup_stm32f40_41xxx.o(.text)
    SPI2_IRQHandler                          0x080001b7   Thumb Code     0  startup_stm32f40_41xxx.o(.text)
    SPI3_IRQHandler                          0x080001b7   Thumb Code     0  startup_stm32f40_41xxx.o(.text)
    TAMP_STAMP_IRQHandler                    0x080001b7   Thumb Code     0  startup_stm32f40_41xxx.o(.text)
    TIM1_BRK_TIM9_IRQHandler                 0x080001b7   Thumb Code     0  startup_stm32f40_41xxx.o(.text)
    TIM1_CC_IRQHandler                       0x080001b7   Thumb Code     0  startup_stm32f40_41xxx.o(.text)
    TIM1_TRG_COM_TIM11_IRQHandler            0x080001b7   Thumb Code     0  startup_stm32f40_41xxx.o(.text)
    TIM1_UP_TIM10_IRQHandler                 0x080001b7   Thumb Code     0  startup_stm32f40_41xxx.o(.text)
    TIM2_IRQHandler                          0x080001b7   Thumb Code     0  startup_stm32f40_41xxx.o(.text)
    TIM3_IRQHandler                          0x080001b7   Thumb Code     0  startup_stm32f40_41xxx.o(.text)
    TIM4_IRQHandler                          0x080001b7   Thumb Code     0  startup_stm32f40_41xxx.o(.text)
    TIM5_IRQHandler                          0x080001b7   Thumb Code     0  startup_stm32f40_41xxx.o(.text)
    TIM6_DAC_IRQHandler                      0x080001b7   Thumb Code     0  startup_stm32f40_41xxx.o(.text)
    TIM7_IRQHandler                          0x080001b7   Thumb Code     0  startup_stm32f40_41xxx.o(.text)
    TIM8_BRK_TIM12_IRQHandler                0x080001b7   Thumb Code     0  startup_stm32f40_41xxx.o(.text)
    TIM8_CC_IRQHandler                       0x080001b7   Thumb Code     0  startup_stm32f40_41xxx.o(.text)
    TIM8_TRG_COM_TIM14_IRQHandler            0x080001b7   Thumb Code     0  startup_stm32f40_41xxx.o(.text)
    TIM8_UP_TIM13_IRQHandler                 0x080001b7   Thumb Code     0  startup_stm32f40_41xxx.o(.text)
    UART4_IRQHandler                         0x080001b7   Thumb Code     0  startup_stm32f40_41xxx.o(.text)
    UART5_IRQHandler                         0x080001b7   Thumb Code     0  startup_stm32f40_41xxx.o(.text)
    USART1_IRQHandler                        0x080001b7   Thumb Code     0  startup_stm32f40_41xxx.o(.text)
    USART2_IRQHandler                        0x080001b7   Thumb Code     0  startup_stm32f40_41xxx.o(.text)
    USART3_IRQHandler                        0x080001b7   Thumb Code     0  startup_stm32f40_41xxx.o(.text)
    USART6_IRQHandler                        0x080001b7   Thumb Code     0  startup_stm32f40_41xxx.o(.text)
    WWDG_IRQHandler                          0x080001b7   Thumb Code     0  startup_stm32f40_41xxx.o(.text)
    SystemInit                               0x0800029b   Thumb Code    88  system_stm32f4xx.o(.text)
    SystemCoreClockUpdate                    0x080002f3   Thumb Code   174  system_stm32f4xx.o(.text)
    Delay                                    0x080003cd   Thumb Code    16  main.o(.text)
    USART_Configuration                      0x080003dd   Thumb Code   120  main.o(.text)
    I2C_Configuration                        0x08000455   Thumb Code   142  main.o(.text)
    Init                                     0x080004e3   Thumb Code    56  main.o(.text)
    main                                     0x0800051b   Thumb Code    80  main.o(.text)
    SendUSART                                0x0800056b   Thumb Code    32  main.o(.text)
    fputc                                    0x0800058b   Thumb Code    32  main.o(.text)
    MPU6050_I2C_ByteWrite                    0x080005e9   Thumb Code   112  mpu6050.o(.text)
    MPU6050_I2C_BufferRead                   0x08000659   Thumb Code   218  mpu6050.o(.text)
    MPU6050_WriteBit                         0x08000733   Thumb Code    64  mpu6050.o(.text)
    MPU6050_SetSleepModeStatus               0x08000773   Thumb Code    18  mpu6050.o(.text)
    MPU6050_WriteBits                        0x08000785   Thumb Code    88  mpu6050.o(.text)
    MPU6050_SetFullScaleAccelRange           0x080007dd   Thumb Code    20  mpu6050.o(.text)
    MPU6050_SetFullScaleGyroRange            0x080007f1   Thumb Code    20  mpu6050.o(.text)
    MPU6050_SetClockSource                   0x08000805   Thumb Code    20  mpu6050.o(.text)
    MPU6050_Initialize                       0x08000819   Thumb Code    28  mpu6050.o(.text)
    MPU6050_ReadBits                         0x08000835   Thumb Code    78  mpu6050.o(.text)
    MPU6050_GetDeviceID                      0x08000883   Thumb Code    24  mpu6050.o(.text)
    MPU6050_TestConnection                   0x0800089b   Thumb Code    18  mpu6050.o(.text)
    MPU6050_GetFullScaleGyroRange            0x080008ad   Thumb Code    24  mpu6050.o(.text)
    MPU6050_GetFullScaleAccelRange           0x080008c5   Thumb Code    24  mpu6050.o(.text)
    MPU6050_ReadBit                          0x080008dd   Thumb Code    36  mpu6050.o(.text)
    MPU6050_GetSleepModeStatus               0x08000901   Thumb Code    28  mpu6050.o(.text)
    MPU6050_GetRawAccelTempGyro              0x0800091d   Thumb Code    54  mpu6050.o(.text)
    MPU6050_I2C_Init                         0x08000953   Thumb Code     2  mpu6050.o(.text)
    GPIO_DeInit                              0x08000961   Thumb Code   268  stm32f4xx_gpio.o(.text)
    GPIO_Init                                0x08000a6d   Thumb Code   144  stm32f4xx_gpio.o(.text)
    GPIO_StructInit                          0x08000afd   Thumb Code    18  stm32f4xx_gpio.o(.text)
    GPIO_PinLockConfig                       0x08000b0f   Thumb Code    34  stm32f4xx_gpio.o(.text)
    GPIO_ReadInputDataBit                    0x08000b31   Thumb Code    18  stm32f4xx_gpio.o(.text)
    GPIO_ReadInputData                       0x08000b43   Thumb Code     8  stm32f4xx_gpio.o(.text)
    GPIO_ReadOutputDataBit                   0x08000b4b   Thumb Code    18  stm32f4xx_gpio.o(.text)
    GPIO_ReadOutputData                      0x08000b5d   Thumb Code     8  stm32f4xx_gpio.o(.text)
    GPIO_SetBits                             0x08000b65   Thumb Code     4  stm32f4xx_gpio.o(.text)
    GPIO_ResetBits                           0x08000b69   Thumb Code     4  stm32f4xx_gpio.o(.text)
    GPIO_WriteBit                            0x08000b6d   Thumb Code    10  stm32f4xx_gpio.o(.text)
    GPIO_Write                               0x08000b77   Thumb Code     4  stm32f4xx_gpio.o(.text)
    GPIO_ToggleBits                          0x08000b7b   Thumb Code     8  stm32f4xx_gpio.o(.text)
    GPIO_PinAFConfig                         0x08000b83   Thumb Code    70  stm32f4xx_gpio.o(.text)
    RCC_DeInit                               0x08000bf5   Thumb Code    82  stm32f4xx_rcc.o(.text)
    RCC_HSEConfig                            0x08000c47   Thumb Code    14  stm32f4xx_rcc.o(.text)
    RCC_GetFlagStatus                        0x08000c55   Thumb Code    60  stm32f4xx_rcc.o(.text)
    RCC_WaitForHSEStartUp                    0x08000c91   Thumb Code    56  stm32f4xx_rcc.o(.text)
    RCC_AdjustHSICalibrationValue            0x08000cc9   Thumb Code    20  stm32f4xx_rcc.o(.text)
    RCC_HSICmd                               0x08000cdd   Thumb Code     6  stm32f4xx_rcc.o(.text)
    RCC_LSEConfig                            0x08000ce3   Thumb Code    46  stm32f4xx_rcc.o(.text)
    RCC_LSICmd                               0x08000d11   Thumb Code     6  stm32f4xx_rcc.o(.text)
    RCC_PLLConfig                            0x08000d17   Thumb Code    32  stm32f4xx_rcc.o(.text)
    RCC_PLLCmd                               0x08000d37   Thumb Code     6  stm32f4xx_rcc.o(.text)
    RCC_PLLI2SConfig                         0x08000d3d   Thumb Code    14  stm32f4xx_rcc.o(.text)
    RCC_PLLI2SCmd                            0x08000d4b   Thumb Code     6  stm32f4xx_rcc.o(.text)
    RCC_PLLSAIConfig                         0x08000d51   Thumb Code    20  stm32f4xx_rcc.o(.text)
    RCC_PLLSAICmd                            0x08000d65   Thumb Code     6  stm32f4xx_rcc.o(.text)
    RCC_ClockSecuritySystemCmd               0x08000d6b   Thumb Code     6  stm32f4xx_rcc.o(.text)
    RCC_MCO1Config                           0x08000d71   Thumb Code    28  stm32f4xx_rcc.o(.text)
    RCC_MCO2Config                           0x08000d8d   Thumb Code    28  stm32f4xx_rcc.o(.text)
    RCC_SYSCLKConfig                         0x08000da9   Thumb Code    20  stm32f4xx_rcc.o(.text)
    RCC_GetSYSCLKSource                      0x08000dbd   Thumb Code    12  stm32f4xx_rcc.o(.text)
    RCC_HCLKConfig                           0x08000dc9   Thumb Code    20  stm32f4xx_rcc.o(.text)
    RCC_PCLK1Config                          0x08000ddd   Thumb Code    20  stm32f4xx_rcc.o(.text)
    RCC_PCLK2Config                          0x08000df1   Thumb Code    22  stm32f4xx_rcc.o(.text)
    RCC_GetClocksFreq                        0x08000e07   Thumb Code   222  stm32f4xx_rcc.o(.text)
    RCC_RTCCLKConfig                         0x08000ee5   Thumb Code    54  stm32f4xx_rcc.o(.text)
    RCC_RTCCLKCmd                            0x08000f1b   Thumb Code     8  stm32f4xx_rcc.o(.text)
    RCC_BackupResetCmd                       0x08000f23   Thumb Code     8  stm32f4xx_rcc.o(.text)
    RCC_I2SCLKConfig                         0x08000f2b   Thumb Code     6  stm32f4xx_rcc.o(.text)
    RCC_SAIPLLI2SClkDivConfig                0x08000f31   Thumb Code    26  stm32f4xx_rcc.o(.text)
    RCC_SAIPLLSAIClkDivConfig                0x08000f4b   Thumb Code    28  stm32f4xx_rcc.o(.text)
    RCC_SAIBlockACLKConfig                   0x08000f67   Thumb Code    20  stm32f4xx_rcc.o(.text)
    RCC_SAIBlockBCLKConfig                   0x08000f7b   Thumb Code    20  stm32f4xx_rcc.o(.text)
    RCC_LTDCCLKDivConfig                     0x08000f8f   Thumb Code    20  stm32f4xx_rcc.o(.text)
    RCC_TIMCLKPresConfig                     0x08000fa3   Thumb Code     6  stm32f4xx_rcc.o(.text)
    RCC_AHB1PeriphClockCmd                   0x08000fa9   Thumb Code    34  stm32f4xx_rcc.o(.text)
    RCC_AHB2PeriphClockCmd                   0x08000fcb   Thumb Code    78  stm32f4xx_rcc.o(.text)
    RCC_AHB3PeriphClockCmd                   0x08001019   Thumb Code    34  stm32f4xx_rcc.o(.text)
    RCC_APB1PeriphClockCmd                   0x0800103b   Thumb Code    34  stm32f4xx_rcc.o(.text)
    RCC_APB2PeriphClockCmd                   0x0800105d   Thumb Code    34  stm32f4xx_rcc.o(.text)
    RCC_AHB1PeriphResetCmd                   0x0800107f   Thumb Code    34  stm32f4xx_rcc.o(.text)
    RCC_AHB2PeriphResetCmd                   0x080010a1   Thumb Code    34  stm32f4xx_rcc.o(.text)
    RCC_AHB3PeriphResetCmd                   0x080010c3   Thumb Code    34  stm32f4xx_rcc.o(.text)
    RCC_APB1PeriphResetCmd                   0x080010e5   Thumb Code    34  stm32f4xx_rcc.o(.text)
    RCC_APB2PeriphResetCmd                   0x08001107   Thumb Code    34  stm32f4xx_rcc.o(.text)
    RCC_AHB1PeriphClockLPModeCmd             0x08001129   Thumb Code    34  stm32f4xx_rcc.o(.text)
    RCC_AHB2PeriphClockLPModeCmd             0x0800114b   Thumb Code    34  stm32f4xx_rcc.o(.text)
    RCC_AHB3PeriphClockLPModeCmd             0x0800116d   Thumb Code    34  stm32f4xx_rcc.o(.text)
    RCC_APB1PeriphClockLPModeCmd             0x0800118f   Thumb Code    34  stm32f4xx_rcc.o(.text)
    RCC_APB2PeriphClockLPModeCmd             0x080011b1   Thumb Code    34  stm32f4xx_rcc.o(.text)
    RCC_ITConfig                             0x080011d3   Thumb Code    34  stm32f4xx_rcc.o(.text)
    RCC_ClearFlag                            0x080011f5   Thumb Code    18  stm32f4xx_rcc.o(.text)
    RCC_GetITStatus                          0x08001207   Thumb Code    22  stm32f4xx_rcc.o(.text)
    RCC_ClearITPendingBit                    0x0800121d   Thumb Code     8  stm32f4xx_rcc.o(.text)
    I2C_DeInit                               0x08001229   Thumb Code    82  stm32f4xx_i2c.o(.text)
    I2C_Init                                 0x0800127b   Thumb Code   218  stm32f4xx_i2c.o(.text)
    I2C_StructInit                           0x08001355   Thumb Code    30  stm32f4xx_i2c.o(.text)
    I2C_Cmd                                  0x08001373   Thumb Code    24  stm32f4xx_i2c.o(.text)
    I2C_AnalogFilterCmd                      0x0800138b   Thumb Code    24  stm32f4xx_i2c.o(.text)
    I2C_DigitalFilterConfig                  0x080013a3   Thumb Code    22  stm32f4xx_i2c.o(.text)
    I2C_GenerateSTART                        0x080013b9   Thumb Code    24  stm32f4xx_i2c.o(.text)
    I2C_GenerateSTOP                         0x080013d1   Thumb Code    24  stm32f4xx_i2c.o(.text)
    I2C_Send7bitAddress                      0x080013e9   Thumb Code    16  stm32f4xx_i2c.o(.text)
    I2C_AcknowledgeConfig                    0x080013f9   Thumb Code    24  stm32f4xx_i2c.o(.text)
    I2C_OwnAddress2Config                    0x08001411   Thumb Code    22  stm32f4xx_i2c.o(.text)
    I2C_DualAddressCmd                       0x08001427   Thumb Code    24  stm32f4xx_i2c.o(.text)
    I2C_GeneralCallCmd                       0x0800143f   Thumb Code    24  stm32f4xx_i2c.o(.text)
    I2C_SoftwareResetCmd                     0x08001457   Thumb Code    22  stm32f4xx_i2c.o(.text)
    I2C_StretchClockCmd                      0x0800146d   Thumb Code    24  stm32f4xx_i2c.o(.text)
    I2C_FastModeDutyCycleConfig              0x08001485   Thumb Code    28  stm32f4xx_i2c.o(.text)
    I2C_NACKPositionConfig                   0x080014a1   Thumb Code    28  stm32f4xx_i2c.o(.text)
    I2C_SMBusAlertConfig                     0x080014bd   Thumb Code    28  stm32f4xx_i2c.o(.text)
    I2C_ARPCmd                               0x080014d9   Thumb Code    24  stm32f4xx_i2c.o(.text)
    I2C_SendData                             0x080014f1   Thumb Code     4  stm32f4xx_i2c.o(.text)
    I2C_ReceiveData                          0x080014f5   Thumb Code     8  stm32f4xx_i2c.o(.text)
    I2C_TransmitPEC                          0x080014fd   Thumb Code    24  stm32f4xx_i2c.o(.text)
    I2C_PECPositionConfig                    0x08001515   Thumb Code    28  stm32f4xx_i2c.o(.text)
    I2C_CalculatePEC                         0x08001531   Thumb Code    24  stm32f4xx_i2c.o(.text)
    I2C_GetPEC                               0x08001549   Thumb Code     8  stm32f4xx_i2c.o(.text)
    I2C_DMACmd                               0x08001551   Thumb Code    24  stm32f4xx_i2c.o(.text)
    I2C_DMALastTransferCmd                   0x08001569   Thumb Code    24  stm32f4xx_i2c.o(.text)
    I2C_ReadRegister                         0x08001581   Thumb Code    22  stm32f4xx_i2c.o(.text)
    I2C_ITConfig                             0x08001597   Thumb Code    18  stm32f4xx_i2c.o(.text)
    I2C_CheckEvent                           0x080015a9   Thumb Code    42  stm32f4xx_i2c.o(.text)
    I2C_GetLastEvent                         0x080015d3   Thumb Code    26  stm32f4xx_i2c.o(.text)
    I2C_GetFlagStatus                        0x080015ed   Thumb Code    84  stm32f4xx_i2c.o(.text)
    I2C_ClearFlag                            0x08001641   Thumb Code    12  stm32f4xx_i2c.o(.text)
    I2C_GetITStatus                          0x0800164d   Thumb Code    38  stm32f4xx_i2c.o(.text)
    I2C_ClearITPendingBit                    0x08001673   Thumb Code    12  stm32f4xx_i2c.o(.text)
    USART_DeInit                             0x08001681   Thumb Code   206  stm32f4xx_usart.o(.text)
    USART_Init                               0x0800174f   Thumb Code   204  stm32f4xx_usart.o(.text)
    USART_StructInit                         0x0800181b   Thumb Code    24  stm32f4xx_usart.o(.text)
    USART_ClockInit                          0x08001833   Thumb Code    32  stm32f4xx_usart.o(.text)
    USART_ClockStructInit                    0x08001853   Thumb Code    12  stm32f4xx_usart.o(.text)
    USART_Cmd                                0x0800185f   Thumb Code    24  stm32f4xx_usart.o(.text)
    USART_SetPrescaler                       0x08001877   Thumb Code    16  stm32f4xx_usart.o(.text)
    USART_OverSampling8Cmd                   0x08001887   Thumb Code    22  stm32f4xx_usart.o(.text)
    USART_OneBitMethodCmd                    0x0800189d   Thumb Code    24  stm32f4xx_usart.o(.text)
    USART_SendData                           0x080018b5   Thumb Code     8  stm32f4xx_usart.o(.text)
    USART_ReceiveData                        0x080018bd   Thumb Code    10  stm32f4xx_usart.o(.text)
    USART_SetAddress                         0x080018c7   Thumb Code    18  stm32f4xx_usart.o(.text)
    USART_ReceiverWakeUpCmd                  0x080018d9   Thumb Code    24  stm32f4xx_usart.o(.text)
    USART_WakeUpConfig                       0x080018f1   Thumb Code    18  stm32f4xx_usart.o(.text)
    USART_LINBreakDetectLengthConfig         0x08001903   Thumb Code    18  stm32f4xx_usart.o(.text)
    USART_LINCmd                             0x08001915   Thumb Code    24  stm32f4xx_usart.o(.text)
    USART_SendBreak                          0x0800192d   Thumb Code    10  stm32f4xx_usart.o(.text)
    USART_HalfDuplexCmd                      0x08001937   Thumb Code    24  stm32f4xx_usart.o(.text)
    USART_SetGuardTime                       0x0800194f   Thumb Code    16  stm32f4xx_usart.o(.text)
    USART_SmartCardCmd                       0x0800195f   Thumb Code    24  stm32f4xx_usart.o(.text)
    USART_SmartCardNACKCmd                   0x08001977   Thumb Code    24  stm32f4xx_usart.o(.text)
    USART_IrDAConfig                         0x0800198f   Thumb Code    18  stm32f4xx_usart.o(.text)
    USART_IrDACmd                            0x080019a1   Thumb Code    24  stm32f4xx_usart.o(.text)
    USART_DMACmd                             0x080019b9   Thumb Code    18  stm32f4xx_usart.o(.text)
    USART_ITConfig                           0x080019cb   Thumb Code    74  stm32f4xx_usart.o(.text)
    USART_GetFlagStatus                      0x08001a15   Thumb Code    26  stm32f4xx_usart.o(.text)
    USART_ClearFlag                          0x08001a2f   Thumb Code    18  stm32f4xx_usart.o(.text)
    USART_GetITStatus                        0x08001a41   Thumb Code   118  stm32f4xx_usart.o(.text)
    USART_ClearITPendingBit                  0x08001ab7   Thumb Code    30  stm32f4xx_usart.o(.text)
    __aeabi_uidiv                            0x08001ad5   Thumb Code     0  uidiv.o(.text)
    __aeabi_uidivmod                         0x08001ad5   Thumb Code    44  uidiv.o(.text)
    __scatterload                            0x08001b01   Thumb Code    28  init.o(.text)
    __scatterload_rt2                        0x08001b01   Thumb Code     0  init.o(.text)
    __0printf$1                              0x08001b25   Thumb Code    22  printf1.o(i.__0printf$1)
    __1printf$1                              0x08001b25   Thumb Code     0  printf1.o(i.__0printf$1)
    __2printf                                0x08001b25   Thumb Code     0  printf1.o(i.__0printf$1)
    __scatterload_copy                       0x08001b45   Thumb Code    14  handlers.o(i.__scatterload_copy)
    __scatterload_null                       0x08001b53   Thumb Code     2  handlers.o(i.__scatterload_null)
    __scatterload_zeroinit                   0x08001b55   Thumb Code    14  handlers.o(i.__scatterload_zeroinit)
    Region$$Table$$Base                      0x08001cb8   Number         0  anon$$obj.o(Region$$Table)
    Region$$Table$$Limit                     0x08001cd8   Number         0  anon$$obj.o(Region$$Table)
    SystemCoreClock                          0x20000000   Data           4  system_stm32f4xx.o(.data)
    AHBPrescTable                            0x20000004   Data          16  system_stm32f4xx.o(.data)
    GPIO_InitStructure                       0x20000014   Data           8  main.o(.data)
    __stdout                                 0x2000002c   Data           4  stdout.o(.data)
    USART_InitStructure                      0x20000030   Data          16  main.o(.bss)
    MPU6050data                              0x20000040   Data          14  main.o(.bss)
    __initial_sp                             0x20000450   Data           0  startup_stm32f40_41xxx.o(STACK)



==============================================================================

Memory Map of the image

  Image Entry point : 0x0800019d

  Load Region LR_1 (Base: 0x08000000, Size: 0x00001d08, Max: 0xffffffff, ABSOLUTE)

    Execution Region ER_RO (Base: 0x08000000, Size: 0x00001cd8, Max: 0xffffffff, ABSOLUTE)

    Base Addr    Size         Type   Attr      Idx    E Section Name        Object

    0x08000000   0x00000188   Data   RO            3    RESET               startup_stm32f40_41xxx.o
    0x08000188   0x00000000   Code   RO          297  * .ARM.Collect$$$$00000000  mc_w.l(entry.o)
    0x08000188   0x00000004   Code   RO          561    .ARM.Collect$$$$00000001  mc_w.l(entry2.o)
    0x0800018c   0x00000004   Code   RO          564    .ARM.Collect$$$$00000004  mc_w.l(entry5.o)
    0x08000190   0x00000000   Code   RO          566    .ARM.Collect$$$$00000008  mc_w.l(entry7b.o)
    0x08000190   0x00000000   Code   RO          568    .ARM.Collect$$$$0000000A  mc_w.l(entry8b.o)
    0x08000190   0x00000008   Code   RO          569    .ARM.Collect$$$$0000000B  mc_w.l(entry9a.o)
    0x08000198   0x00000000   Code   RO          571    .ARM.Collect$$$$0000000D  mc_w.l(entry10a.o)
    0x08000198   0x00000000   Code   RO          573    .ARM.Collect$$$$0000000F  mc_w.l(entry11a.o)
    0x08000198   0x00000004   Code   RO          562    .ARM.Collect$$$$00002712  mc_w.l(entry2.o)
    0x0800019c   0x00000024   Code   RO            4  * .text               startup_stm32f40_41xxx.o
    0x080001c0   0x0000020c   Code   RO           12    .text               system_stm32f4xx.o
    0x080003cc   0x0000021c   Code   RO          139    .text               main.o
    0x080005e8   0x00000378   Code   RO          177    .text               mpu6050.o
    0x08000960   0x00000294   Code   RO          217    .text               stm32f4xx_gpio.o
    0x08000bf4   0x00000634   Code   RO          237    .text               stm32f4xx_rcc.o
    0x08001228   0x00000456   Code   RO          259    .text               stm32f4xx_i2c.o
    0x0800167e   0x00000002   PAD
    0x08001680   0x00000454   Code   RO          279    .text               stm32f4xx_usart.o
    0x08001ad4   0x0000002c   Code   RO          576    .text               mc_w.l(uidiv.o)
    0x08001b00   0x00000024   Code   RO          591    .text               mc_w.l(init.o)
    0x08001b24   0x00000020   Code   RO          345    i.__0printf$1       mc_w.l(printf1.o)
    0x08001b44   0x0000000e   Code   RO          603    i.__scatterload_copy  mc_w.l(handlers.o)
    0x08001b52   0x00000002   Code   RO          604    i.__scatterload_null  mc_w.l(handlers.o)
    0x08001b54   0x0000000e   Code   RO          605    i.__scatterload_zeroinit  mc_w.l(handlers.o)
    0x08001b62   0x00000002   PAD
    0x08001b64   0x00000154   Code   RO          352    i._printf_core      mc_w.l(printf1.o)
    0x08001cb8   0x00000020   Data   RO          601    Region$$Table       anon$$obj.o


    Execution Region ER_RW (Base: 0x20000000, Size: 0x00000030, Max: 0xffffffff, ABSOLUTE)

    Base Addr    Size         Type   Attr      Idx    E Section Name        Object

    0x20000000   0x00000014   Data   RW           13    .data               system_stm32f4xx.o
    0x20000014   0x00000008   Data   RW          141    .data               main.o
    0x2000001c   0x00000010   Data   RW          238    .data               stm32f4xx_rcc.o
    0x2000002c   0x00000004   Data   RW          575    .data               mc_w.l(stdout.o)


    Execution Region ER_ZI (Base: 0x20000030, Size: 0x00000420, Max: 0xffffffff, ABSOLUTE)

    Base Addr    Size         Type   Attr      Idx    E Section Name        Object

    0x20000030   0x0000001e   Zero   RW          140    .bss                main.o
    0x2000004e   0x00000002   PAD
    0x20000050   0x00000400   Zero   RW            1    STACK               startup_stm32f40_41xxx.o


==============================================================================

Image component sizes


      Code (inc. data)   RO Data    RW Data    ZI Data      Debug   Object Name

       540         62          0          8         30       3593   main.o
       888         12          0          0          0       4917   mpu6050.o
        36          8        392          0       1024        768   startup_stm32f40_41xxx.o
       660         44          0          0          0       3997   stm32f4xx_gpio.o
      1110         26          0          0          0       8447   stm32f4xx_i2c.o
      1588         52          0         16          0      12550   stm32f4xx_rcc.o
      1108         34          0          0          0       7696   stm32f4xx_usart.o
       524         44          0         20          0     286683   system_stm32f4xx.o

    ----------------------------------------------------------------------
      6456        282        424         44       1056     328651   Object Totals
         0          0         32          0          0          0   (incl. Generated)
         2          0          0          0          2          0   (incl. Padding)

    ----------------------------------------------------------------------

      Code (inc. data)   RO Data    RW Data    ZI Data      Debug   Library Member Name

         0          0          0          0          0          0   entry.o
         0          0          0          0          0          0   entry10a.o
         0          0          0          0          0          0   entry11a.o
         8          4          0          0          0          0   entry2.o
         4          0          0          0          0          0   entry5.o
         0          0          0          0          0          0   entry7b.o
         0          0          0          0          0          0   entry8b.o
         8          4          0          0          0          0   entry9a.o
        30          0          0          0          0          0   handlers.o
        36          8          0          0          0         68   init.o
       372         16          0          0          0        180   printf1.o
         0          0          0          4          0          0   stdout.o
        44          0          0          0          0         80   uidiv.o

    ----------------------------------------------------------------------
       504         32          0          4          0        328   Library Totals
         2          0          0          0          0          0   (incl. Padding)

    ----------------------------------------------------------------------

      Code (inc. data)   RO Data    RW Data    ZI Data      Debug   Library Name

       502         32          0          4          0        328   mc_w.l

    ----------------------------------------------------------------------
       504         32          0          4          0        328   Library Totals

    ----------------------------------------------------------------------

==============================================================================


      Code (inc. data)   RO Data    RW Data    ZI Data      Debug   

      6960        314        424         48       1056     327327   Grand Totals
      6960        314        424         48       1056     327327   ELF Image Totals
      6960        314        424         48          0          0   ROM Totals

==============================================================================

    Total RO  Size (Code + RO Data)                 7384 (   7.21kB)
    Total RW  Size (RW Data + ZI Data)              1104 (   1.08kB)
    Total ROM Size (Code + RO Data + RW Data)       7432 (   7.26kB)

==============================================================================

